Persona ModeOwnerGuided Wizard OverlaySavingsGoalRetirementEducationFinancingCashLoanAppointment DateI agree to the terms
