Persona ModeIntegratorSpec LibraryLayout Optimizer PanelConstraints EditorTariffResidentialCommercialPricing RulesCompliance ChecklistData SourceAPICSVRun Batch
